"a","b","c"
"1","2","3"
"4","5","6"
"a","b,b,",","
"null","","e"
",","\"\\,\"","\\\\,"
"\"","\"\"","\"a\""
"a\"","\"a","a\"a\"a"
"a\"\"a","\"\"\"","\\\\\""
