a|b|c
a|'b|b,'|'|'
null|NULL|e
'|'|'/'//|/''|'////|'
